Traceback (most recent call last):
  File "/home/pat/anaconda3/lib/python3.9/site-packages/jupyter_cache/executors/utils.py", line 58, in single_nb_execution
    executenb(
  File "/home/pat/anaconda3/lib/python3.9/site-packages/nbclient/client.py", line 1112, in execute
    return NotebookClient(nb=nb, resources=resources, km=km, **kwargs).execute()
  File "/home/pat/anaconda3/lib/python3.9/site-packages/nbclient/util.py", line 74, in wrapped
    return just_run(coro(*args, **kwargs))
  File "/home/pat/anaconda3/lib/python3.9/site-packages/nbclient/util.py", line 53, in just_run
    return loop.run_until_complete(coro)
  File "/home/pat/anaconda3/lib/python3.9/asyncio/base_events.py", line 642, in run_until_complete
    return future.result()
  File "/home/pat/anaconda3/lib/python3.9/site-packages/nbclient/client.py", line 553, in async_execute
    await self.async_execute_cell(
  File "/home/pat/anaconda3/lib/python3.9/site-packages/nbclient/client.py", line 857, in async_execute_cell
    self._check_raise_for_error(cell, exec_reply)
  File "/home/pat/anaconda3/lib/python3.9/site-packages/nbclient/client.py", line 760, in _check_raise_for_error
    raise CellExecutionError.from_cell_and_msg(cell, exec_reply_content)
nbclient.exceptions.CellExecutionError: An error occurred while executing the following cell:
------------------
# solving for yield to maturity
# initial rate guess for each bond = 7%
guess=np.array([.07,.07,.07])
# subsequent guesses need to remove comment sign from next statement
guess=guess_new
# present value factors
pv_6mo = np.exp(-guess[0]/2)
pv_12mo = np.exp(-guess[1])
pv_coupon = np.exp(-guess[2])

bond_value_6mo_zero=pv_6mo*cf_6mo_zero[0]+pv_6mo*cf_6mo_zero[1]
bond_value_12mo_zero=pv_12mo*cf_12mo_zero[0]+pv_12mo*cf_12mo_zero[1]
bond_value_12mo_coupon5=pv_coupon*cf_12mo_coupon5[0]+pv_coupon*cf_12mo_coupon5[1]
bond_values=np.array([bond_value_6mo_zero,bond_value_12mo_zero,bond_value_12mo_coupon5])
print('Bond Value Guesses = ',bond_values)
------------------

[0;31m---------------------------------------------------------------------------[0m
[0;31mNameError[0m                                 Traceback (most recent call last)
[0;32m/tmp/ipykernel_31816/3130764043.py[0m in [0;36m<module>[0;34m[0m
[1;32m      3[0m [0mguess[0m[0;34m=[0m[0mnp[0m[0;34m.[0m[0marray[0m[0;34m([0m[0;34m[[0m[0;36m.07[0m[0;34m,[0m[0;36m.07[0m[0;34m,[0m[0;36m.07[0m[0;34m][0m[0;34m)[0m[0;34m[0m[0;34m[0m[0m
[1;32m      4[0m [0;31m# subsequent guesses need to remove comment sign from next statement[0m[0;34m[0m[0;34m[0m[0m
[0;32m----> 5[0;31m [0mguess[0m[0;34m=[0m[0mguess_new[0m[0;34m[0m[0;34m[0m[0m
[0m[1;32m      6[0m [0;31m# present value factors[0m[0;34m[0m[0;34m[0m[0m
[1;32m      7[0m [0mpv_6mo[0m [0;34m=[0m [0mnp[0m[0;34m.[0m[0mexp[0m[0;34m([0m[0;34m-[0m[0mguess[0m[0;34m[[0m[0;36m0[0m[0;34m][0m[0;34m/[0m[0;36m2[0m[0;34m)[0m[0;34m[0m[0;34m[0m[0m

[0;31mNameError[0m: name 'guess_new' is not defined
NameError: name 'guess_new' is not defined

